<?xml version="1.0" encoding="UTF-8"?>
<testsuites name="jest tests" tests="9" failures="0" errors="0" time="3.013">
  <testsuite name="undefined" errors="0" failures="0" skipped="0" timestamp="2025-10-15T18:13:44" time="2.514" tests="1">
    <testcase classname=" dummy" name=" dummy" time="0.002">
    </testcase>
  </testsuite>
  <testsuite name="undefined" errors="0" failures="0" skipped="0" timestamp="2025-10-15T18:13:44" time="2.578" tests="3">
    <testcase classname=" should marshall MyItem to ToAttributeMap&lt;MyItem&gt;" name=" should marshall MyItem to ToAttributeMap&lt;MyItem&gt;" time="0.003">
    </testcase>
    <testcase classname=" should unmarshall MyItem from ToAttributeMap&lt;MyItem&gt;" name=" should unmarshall MyItem from ToAttributeMap&lt;MyItem&gt;" time="0.001">
    </testcase>
    <testcase classname=" unmarshall should map numbers to string when wrapNumbers: true" name=" unmarshall should map numbers to string when wrapNumbers: true" time="0.001">
    </testcase>
  </testsuite>
  <testsuite name="undefined" errors="0" failures="0" skipped="0" timestamp="2025-10-15T18:13:44" time="2.618" tests="2">
    <testcase classname=" should have schema attached" name=" should have schema attached" time="0.003">
    </testcase>
    <testcase classname=" should work with type-safe operations" name=" should work with type-safe operations" time="0">
    </testcase>
  </testsuite>
  <testsuite name="undefined" errors="0" failures="0" skipped="0" timestamp="2025-10-15T18:13:44" time="2.622" tests="1">
    <testcase classname=" dummy" name=" dummy" time="0.003">
    </testcase>
  </testsuite>
  <testsuite name="undefined" errors="0" failures="0" skipped="0" timestamp="2025-10-15T18:13:44" time="2.631" tests="1">
    <testcase classname=" dummy" name=" dummy" time="0.003">
    </testcase>
  </testsuite>
  <testsuite name="undefined" errors="0" failures="0" skipped="0" timestamp="2025-10-15T18:13:44" time="2.653" tests="1">
    <testcase classname=" long UpdateExpression should compile" name=" long UpdateExpression should compile" time="0.005">
    </testcase>
  </testsuite>
</testsuites>